// Jest Snapshot v1, https://goo.gl/fbAQLP

exports[`renders correctly 1`] = `
<View
  style={
    Object {
      "alignItems": "center",
      "backgroundColor": "#fff",
      "flex": 1,
      "justifyContent": "flex-start",
    }
  }
>
  <Text>
    Gereciamento de Roteiro
  </Text>
  <View
    style={
      Object {
        "backgroundColor": "#fff",
        "flex": 1,
        "padding": 16,
        "paddingTop": 30,
      }
    }
  >
    <View
      style={
        Array [
          undefined,
          Object {
            "borderBottomWidth": 0,
            "borderColor": "transparent",
            "borderLeftWidth": 0,
          },
        ]
      }
    >
      <View
        style={
          Array [
            undefined,
            0,
            Object {
              "flexDirection": "row",
              "overflow": "hidden",
            },
            Object {
              "backgroundColor": "#1abc9d",
              "width": 400,
            },
          ]
        }
      >
        <View
          style={
            Array [
              Object {
                "borderColor": "transparent",
                "borderRightWidth": 0,
                "borderTopWidth": 0,
              },
              Object {
                "justifyContent": "center",
              },
              undefined,
              undefined,
              undefined,
              Object {
                "flex": 1,
              },
              undefined,
            ]
          }
        >
          <Text
            style={
              Array [
                Object {
                  "margin": 6,
                },
                Object {
                  "backgroundColor": "transparent",
                },
              ]
            }
          >
            Parada
          </Text>
        </View>
        <View
          style={
            Array [
              Object {
                "borderColor": "transparent",
                "borderRightWidth": 0,
                "borderTopWidth": 0,
              },
              Object {
                "justifyContent": "center",
              },
              undefined,
              undefined,
              undefined,
              Object {
                "flex": 1,
              },
              undefined,
            ]
          }
        >
          <Text
            style={
              Array [
                Object {
                  "margin": 6,
                },
                Object {
                  "backgroundColor": "transparent",
                },
              ]
            }
          >
            Avaliação
          </Text>
        </View>
        <View
          style={
            Array [
              Object {
                "borderColor": "transparent",
                "borderRightWidth": 0,
                "borderTopWidth": 0,
              },
              Object {
                "justifyContent": "center",
              },
              undefined,
              undefined,
              undefined,
              Object {
                "flex": 1,
              },
              undefined,
            ]
          }
        >
          <Text
            style={
              Array [
                Object {
                  "margin": 6,
                },
                Object {
                  "backgroundColor": "transparent",
                },
              ]
            }
          >
            Excluir
          </Text>
        </View>
        <View
          style={
            Array [
              Object {
                "borderColor": "transparent",
                "borderRightWidth": 0,
                "borderTopWidth": 0,
              },
              Object {
                "justifyContent": "center",
              },
              undefined,
              undefined,
              undefined,
              Object {
                "flex": 1,
              },
              undefined,
            ]
          }
        >
          <Text
            style={
              Array [
                Object {
                  "margin": 6,
                },
                Object {
                  "backgroundColor": "transparent",
                },
              ]
            }
          >
            Detalhes
          </Text>
        </View>
      </View>
      <RCTScrollView>
        <View />
      </RCTScrollView>
    </View>
  </View>
  <View
    style={
      Object {
        "backgroundColor": "#fff",
        "flex": 1,
        "padding": 16,
        "paddingTop": 30,
      }
    }
  >
    <Modal
      animationType="fade"
      hardwareAccelerated={false}
      onRequestClose={[Function]}
      transparent={true}
      visible={false}
    >
      <View
        style={
          Array [
            Object {
              "alignItems": "center",
              "flex": 1,
              "flexDirection": "column",
              "height": "100%",
              "justifyContent": "center",
              "width": "100%",
            },
            Object {},
          ]
        }
      >
        <View
          accessible={true}
          focusable={true}
          onClick={[Function]}
          onResponderGrant={[Function]}
          onResponderMove={[Function]}
          onResponderRelease={[Function]}
          onResponderTerminate={[Function]}
          onResponderTerminationRequest={[Function]}
          onStartShouldSetResponder={[Function]}
          style={
            Object {
              "alignItems": "center",
              "flex": 1,
              "flexDirection": "column",
              "height": "100%",
              "justifyContent": "center",
              "opacity": 1,
              "width": "100%",
            }
          }
        >
          <View
            style={
              Array [
                Object {
                  "backgroundColor": "#E3E6E7",
                  "borderRadius": 10,
                  "marginLeft": 30,
                  "marginRight": 30,
                  "minWidth": 300,
                },
                Object {},
              ]
            }
          >
            <View
              style={
                Object {
                  "padding": 10,
                }
              }
            >
              <Text
                style={
                  Object {
                    "fontSize": 20,
                    "fontWeight": "bold",
                    "marginBottom": 5,
                    "marginTop": 10,
                    "textAlign": "center",
                  }
                }
              >
                Favorito
              </Text>
              <Text
                style={
                  Array [
                    Object {
                      "fontSize": 16,
                      "marginBottom": 10,
                      "textAlign": "center",
                    },
                  ]
                }
              >
                Salvar Roteiro Como
              </Text>
              <TextInput
                allowFontScaling={true}
                autoCapitalize="none"
                autoCorrect={true}
                autoFocus={true}
                clearButtonMode="never"
                clearTextOnFocus={false}
                keyboardType="default"
                maxLength={null}
                onChangeText={[Function]}
                onKeyPress={[Function]}
                placeholder="Nome Roteiro"
                rejectResponderTermination={true}
                secureTextEntry={false}
                style={
                  Object {
                    "backgroundColor": "white",
                    "borderColor": "#B0B0B0",
                    "borderRadius": 5,
                    "borderWidth": 1,
                    "color": "rgba(0,0,0,0.54)",
                    "fontSize": 16,
                    "marginBottom": 15,
                    "marginTop": 10,
                    "paddingBottom": 5,
                    "paddingLeft": 10,
                    "paddingTop": 5,
                    "textAlign": "left",
                  }
                }
                underlineColorAndroid="transparent"
                value=""
              />
            </View>
            <View
              style={
                Object {
                  "borderColor": "#B0B0B0",
                  "borderTopWidth": 1,
                  "flex": 1,
                  "flexDirection": "row",
                  "justifyContent": "center",
                  "maxHeight": 48,
                }
              }
            >
              <View
                accessible={true}
                focusable={true}
                onClick={[Function]}
                onResponderGrant={[Function]}
                onResponderMove={[Function]}
                onResponderRelease={[Function]}
                onResponderTerminate={[Function]}
                onResponderTerminationRequest={[Function]}
                onStartShouldSetResponder={[Function]}
                style={
                  Object {
                    "flex": 1,
                    "opacity": 1,
                  }
                }
              >
                <Text
                  style={
                    Object {
                      "borderColor": "#B0B0B0",
                      "borderRightWidth": 5,
                      "color": "#408AE2",
                      "fontSize": 18,
                      "height": 48,
                      "maxHeight": 48,
                      "padding": 10,
                      "textAlign": "center",
                    }
                  }
                >
                  Cancelar
                </Text>
              </View>
              <View
                style={
                  Object {
                    "backgroundColor": "#B0B0B0",
                    "width": 1,
                  }
                }
              />
              <View
                accessible={true}
                focusable={true}
                onClick={[Function]}
                onResponderGrant={[Function]}
                onResponderMove={[Function]}
                onResponderRelease={[Function]}
                onResponderTerminate={[Function]}
                onResponderTerminationRequest={[Function]}
                onStartShouldSetResponder={[Function]}
                style={
                  Object {
                    "flex": 1,
                    "opacity": 1,
                  }
                }
              >
                <Text
                  style={
                    Object {
                      "color": "#408AE2",
                      "fontSize": 18,
                      "padding": 10,
                      "textAlign": "center",
                    }
                  }
                >
                  Salvar
                </Text>
              </View>
            </View>
          </View>
        </View>
      </View>
    </Modal>
  </View>
  <View
    style={
      Object {
        "flexDirection": "row",
      }
    }
  >
    <View
      style={
        Object {
          "flex": 1,
        }
      }
    >
      <View
        accessibilityRole="button"
        accessibilityState={Object {}}
        accessible={true}
        focusable={true}
        onClick={[Function]}
        onResponderGrant={[Function]}
        onResponderMove={[Function]}
        onResponderRelease={[Function]}
        onResponderTerminate={[Function]}
        onResponderTerminationRequest={[Function]}
        onStartShouldSetResponder={[Function]}
        style={
          Object {
            "opacity": 1,
          }
        }
      >
        <View
          style={
            Array [
              Object {},
            ]
          }
        >
          <Text
            style={
              Array [
                Object {
                  "color": "#007AFF",
                  "fontSize": 18,
                  "margin": 8,
                  "textAlign": "center",
                },
                Object {
                  "color": "#1abc9c",
                },
              ]
            }
          >
            Salvar Roteiro
          </Text>
        </View>
      </View>
    </View>
  </View>
  <View
    style={
      Object {
        "flexDirection": "row",
      }
    }
  >
    <View
      style={
        Object {
          "flex": 1,
        }
      }
    >
      <View
        accessibilityRole="button"
        accessibilityState={Object {}}
        accessible={true}
        focusable={true}
        onClick={[Function]}
        onResponderGrant={[Function]}
        onResponderMove={[Function]}
        onResponderRelease={[Function]}
        onResponderTerminate={[Function]}
        onResponderTerminationRequest={[Function]}
        onStartShouldSetResponder={[Function]}
        style={
          Object {
            "opacity": 1,
          }
        }
      >
        <View
          style={
            Array [
              Object {},
            ]
          }
        >
          <Text
            style={
              Array [
                Object {
                  "color": "#007AFF",
                  "fontSize": 18,
                  "margin": 8,
                  "textAlign": "center",
                },
                Object {
                  "color": "#1abc9c",
                },
              ]
            }
          >
            Adicionar Parada
          </Text>
        </View>
      </View>
    </View>
  </View>
</View>
`;
